// Jest Snapshot v1, https://goo.gl/fbAQLP

exports[`<ScanScreen /> matches snapshot with permission denied 1`] = `
<RCTSafeAreaView
  className="flex-1 items-center justify-center bg-corp-white px-6"
>
  <Text
    className="mb-4 text-center text-lg text-corp-grey"
  >
    noCameraPermission
  </Text>
  <View
    accessibilityState={
      {
        "busy": undefined,
        "checked": undefined,
        "disabled": false,
        "expanded": undefined,
        "selected": undefined,
      }
    }
    accessibilityValue={
      {
        "max": undefined,
        "min": undefined,
        "now": undefined,
        "text": undefined,
      }
    }
    accessible={true}
    collapsable={false}
    focusable={true}
    onClick={[Function]}
    onResponderGrant={[Function]}
    onResponderMove={[Function]}
    onResponderRelease={[Function]}
    onResponderTerminate={[Function]}
    onResponderTerminationRequest={[Function]}
    onStartShouldSetResponder={[Function]}
    style={
      {
        "opacity": 1,
      }
    }
  >
    <Text
      className="ml-2 font-semibold text-corp-white"
      style={
        [
          undefined,
        ]
      }
    >
      goBack
    </Text>
  </View>
</RCTSafeAreaView>
`;
